{
    "code": 400,
    "message": "Validation Failed",
    "errors": {
        "children": {
            "name": {
                "errors": [
                    "Brand name must be at least 2 characters long."
                ]
            },
            "code": {},
            "description": {},
            "images": {}
        }
    }
}
